// Jest Snapshot v1, https://goo.gl/fbAQLP

exports[`should match snapshot 1`] = `
<div
  data-testid="section-1"
  onClick={[Function]}
>
  ðŸ”¥
</div>
`;
